../Core/Src/main.c:320:6:setMuxChannel.part.0	8	static
../Core/Src/main.c:127:6:SendIRValuesUART	280	static
../Core/Src/main.c:149:6:MotorControl	16	static
../Core/Src/main.c:188:5:boyer_moore_majority	12	static
../Core/Src/main.c:205:6:HAL_GPIO_EXTI_Callback	8	static
../Core/Src/main.c:222:6:calibration	3632	static
../Core/Src/main.c:301:6:HAL_TIM_PeriodElapsedCallback	0	static
../Core/Src/main.c:320:6:setMuxChannel	0	static
../Core/Src/main.c:108:6:HAL_ADC_ConvCpltCallback	4	static
../Core/Src/main.c:521:6:SystemClock_Config	88	static,ignoring_inline_asm
../Core/Src/main.c:455:5:main	96	static,ignoring_inline_asm
../Core/Src/main.c:885:6:Error_Handler	0	static,ignoring_inline_asm
