../Core/Src/main.c:320:6:setMuxChannel.part.0	16
../Core/Src/main.c:127:6:SendIRValuesUART	3
../Core/Src/main.c:149:6:MotorControl	3
../Core/Src/main.c:188:5:boyer_moore_majority	4
../Core/Src/main.c:205:6:HAL_GPIO_EXTI_Callback	3
../Core/Src/main.c:222:6:calibration	8
../Core/Src/main.c:301:6:HAL_TIM_PeriodElapsedCallback	2
../Core/Src/main.c:320:6:setMuxChannel	2
../Core/Src/main.c:108:6:HAL_ADC_ConvCpltCallback	3
../Core/Src/main.c:521:6:SystemClock_Config	4
../Core/Src/main.c:455:5:main	15
../Core/Src/main.c:885:6:Error_Handler	1
