../Core/Src/main.c:89:6:HAL_ADC_ConvCpltCallback	16	static
../Core/Src/main.c:112:6:HAL_TIM_PeriodElapsedCallback	16	static
../Core/Src/main.c:121:6:setMuxChannel	16	static
../Core/Src/main.c:250:5:main	272	static
../Core/Src/main.c:315:6:SystemClock_Config	88	static
../Core/Src/main.c:362:13:MX_ADC1_Init	24	static
../Core/Src/main.c:409:13:MX_TIM3_Init	48	static
../Core/Src/main.c:462:13:MX_TIM4_Init	32	static
../Core/Src/main.c:507:13:MX_USART3_UART_Init	8	static
../Core/Src/main.c:538:13:MX_DMA_Init	16	static
../Core/Src/main.c:556:13:MX_GPIO_Init	40	static
../Core/Src/main.c:608:6:Error_Handler	4	static,ignoring_inline_asm
