../Core/Src/main.c:89:6:HAL_ADC_ConvCpltCallback	3
../Core/Src/main.c:112:6:HAL_TIM_PeriodElapsedCallback	2
../Core/Src/main.c:121:6:setMuxChannel	18
../Core/Src/main.c:250:5:main	1
../Core/Src/main.c:315:6:SystemClock_Config	4
../Core/Src/main.c:362:13:MX_ADC1_Init	3
../Core/Src/main.c:409:13:MX_TIM3_Init	5
../Core/Src/main.c:462:13:MX_TIM4_Init	4
../Core/Src/main.c:507:13:MX_USART3_UART_Init	2
../Core/Src/main.c:538:13:MX_DMA_Init	1
../Core/Src/main.c:556:13:MX_GPIO_Init	1
../Core/Src/main.c:608:6:Error_Handler	1
